mode: set
github.com/quickswap/quickswap/internal/handlers/auth.go:12.52,13.54 1 1
github.com/quickswap/quickswap/internal/handlers/auth.go:13.54,14.34 1 1
github.com/quickswap/quickswap/internal/handlers/auth.go:14.34,17.4 2 1
github.com/quickswap/quickswap/internal/handlers/auth.go:19.3,24.62 2 1
github.com/quickswap/quickswap/internal/handlers/auth.go:24.62,27.4 2 0
github.com/quickswap/quickswap/internal/handlers/auth.go:29.3,29.44 1 1
github.com/quickswap/quickswap/internal/handlers/auth.go:29.44,32.4 2 1
github.com/quickswap/quickswap/internal/handlers/auth.go:34.3,35.17 2 1
github.com/quickswap/quickswap/internal/handlers/auth.go:35.17,38.4 2 0
github.com/quickswap/quickswap/internal/handlers/auth.go:40.3,47.5 1 1
github.com/quickswap/quickswap/internal/handlers/auth.go:51.53,52.54 1 1
github.com/quickswap/quickswap/internal/handlers/auth.go:52.54,53.34 1 1
github.com/quickswap/quickswap/internal/handlers/auth.go:53.34,56.4 2 1
github.com/quickswap/quickswap/internal/handlers/auth.go:58.3,65.62 2 1
github.com/quickswap/quickswap/internal/handlers/auth.go:65.62,68.4 2 0
github.com/quickswap/quickswap/internal/handlers/auth.go:70.3,70.44 1 1
github.com/quickswap/quickswap/internal/handlers/auth.go:70.44,73.4 2 1
github.com/quickswap/quickswap/internal/handlers/auth.go:75.3,75.28 1 1
github.com/quickswap/quickswap/internal/handlers/auth.go:75.28,78.4 2 1
github.com/quickswap/quickswap/internal/handlers/auth.go:80.3,81.17 2 1
github.com/quickswap/quickswap/internal/handlers/auth.go:81.17,84.4 2 0
github.com/quickswap/quickswap/internal/handlers/auth.go:87.3,87.46 1 1
github.com/quickswap/quickswap/internal/handlers/auth.go:87.46,88.108 1 1
github.com/quickswap/quickswap/internal/handlers/auth.go:88.108,90.5 1 0
github.com/quickswap/quickswap/internal/handlers/auth.go:94.3,94.50 1 1
github.com/quickswap/quickswap/internal/handlers/auth.go:94.50,104.4 2 1
github.com/quickswap/quickswap/internal/handlers/auth.go:107.3,107.46 1 0
github.com/quickswap/quickswap/internal/handlers/auth.go:107.46,110.4 2 0
github.com/quickswap/quickswap/internal/handlers/auth.go:113.3,113.72 1 0
github.com/quickswap/quickswap/internal/handlers/auth.go:117.53,118.54 1 1
github.com/quickswap/quickswap/internal/handlers/auth.go:118.54,119.34 1 1
github.com/quickswap/quickswap/internal/handlers/auth.go:119.34,122.4 2 1
github.com/quickswap/quickswap/internal/handlers/auth.go:124.3,125.47 2 1
github.com/quickswap/quickswap/internal/handlers/auth.go:125.47,127.4 1 1
github.com/quickswap/quickswap/internal/handlers/auth.go:128.3,128.18 1 1
github.com/quickswap/quickswap/internal/handlers/auth.go:128.18,131.4 2 1
github.com/quickswap/quickswap/internal/handlers/auth.go:133.3,133.41 1 1
github.com/quickswap/quickswap/internal/handlers/auth.go:133.41,136.4 2 0
github.com/quickswap/quickswap/internal/handlers/auth.go:138.3,138.61 1 1
github.com/quickswap/quickswap/internal/handlers/auth.go:142.49,143.54 1 1
github.com/quickswap/quickswap/internal/handlers/auth.go:143.54,144.33 1 1
github.com/quickswap/quickswap/internal/handlers/auth.go:144.33,147.4 2 1
github.com/quickswap/quickswap/internal/handlers/auth.go:149.3,150.47 2 1
github.com/quickswap/quickswap/internal/handlers/auth.go:150.47,152.4 1 1
github.com/quickswap/quickswap/internal/handlers/auth.go:153.3,153.18 1 1
github.com/quickswap/quickswap/internal/handlers/auth.go:153.18,156.4 2 1
github.com/quickswap/quickswap/internal/handlers/auth.go:159.3,164.17 5 1
github.com/quickswap/quickswap/internal/handlers/auth.go:164.17,167.4 2 0
github.com/quickswap/quickswap/internal/handlers/auth.go:168.3,170.39 2 1
github.com/quickswap/quickswap/internal/handlers/auth.go:170.39,173.4 2 0
github.com/quickswap/quickswap/internal/handlers/auth.go:175.3,179.70 2 1
github.com/quickswap/quickswap/internal/handlers/auth.go:179.70,182.4 2 0
github.com/quickswap/quickswap/internal/handlers/auth.go:184.3,184.27 1 1
github.com/quickswap/quickswap/internal/handlers/auth.go:189.59,192.2 2 1
github.com/quickswap/quickswap/internal/handlers/auth.go:194.64,198.2 3 1
github.com/quickswap/quickswap/internal/handlers/bids.go:30.62,31.54 1 1
github.com/quickswap/quickswap/internal/handlers/bids.go:31.54,32.33 1 1
github.com/quickswap/quickswap/internal/handlers/bids.go:32.33,35.4 2 1
github.com/quickswap/quickswap/internal/handlers/bids.go:38.3,39.47 2 1
github.com/quickswap/quickswap/internal/handlers/bids.go:39.47,41.4 1 1
github.com/quickswap/quickswap/internal/handlers/bids.go:42.3,42.18 1 1
github.com/quickswap/quickswap/internal/handlers/bids.go:42.18,45.4 2 1
github.com/quickswap/quickswap/internal/handlers/bids.go:48.3,53.17 5 1
github.com/quickswap/quickswap/internal/handlers/bids.go:53.17,56.4 2 0
github.com/quickswap/quickswap/internal/handlers/bids.go:57.3,59.39 2 1
github.com/quickswap/quickswap/internal/handlers/bids.go:59.39,62.4 2 0
github.com/quickswap/quickswap/internal/handlers/bids.go:64.3,67.70 2 1
github.com/quickswap/quickswap/internal/handlers/bids.go:67.70,70.4 2 0
github.com/quickswap/quickswap/internal/handlers/bids.go:73.3,75.19 3 1
github.com/quickswap/quickswap/internal/handlers/bids.go:75.19,77.4 1 0
github.com/quickswap/quickswap/internal/handlers/bids.go:78.3,85.17 7 1
github.com/quickswap/quickswap/internal/handlers/bids.go:85.17,88.4 2 0
github.com/quickswap/quickswap/internal/handlers/bids.go:89.3,91.43 2 1
github.com/quickswap/quickswap/internal/handlers/bids.go:91.43,94.4 2 0
github.com/quickswap/quickswap/internal/handlers/bids.go:96.3,97.70 2 1
github.com/quickswap/quickswap/internal/handlers/bids.go:97.70,100.4 2 0
github.com/quickswap/quickswap/internal/handlers/bids.go:103.3,103.23 1 1
github.com/quickswap/quickswap/internal/handlers/bids.go:103.23,111.61 7 1
github.com/quickswap/quickswap/internal/handlers/bids.go:111.61,112.13 1 0
github.com/quickswap/quickswap/internal/handlers/bids.go:114.4,120.99 2 1
github.com/quickswap/quickswap/internal/handlers/bids.go:120.99,122.36 2 1
github.com/quickswap/quickswap/internal/handlers/bids.go:122.36,124.6 1 0
github.com/quickswap/quickswap/internal/handlers/bids.go:125.5,129.19 4 1
github.com/quickswap/quickswap/internal/handlers/bids.go:129.19,131.22 2 1
github.com/quickswap/quickswap/internal/handlers/bids.go:131.22,133.7 1 1
github.com/quickswap/quickswap/internal/handlers/bids.go:133.12,135.7 1 0
github.com/quickswap/quickswap/internal/handlers/bids.go:138.5,138.36 1 1
github.com/quickswap/quickswap/internal/handlers/bids.go:138.36,139.49 1 0
github.com/quickswap/quickswap/internal/handlers/bids.go:139.49,141.7 1 0
github.com/quickswap/quickswap/internal/handlers/bids.go:141.12,143.7 1 0
github.com/quickswap/quickswap/internal/handlers/bids.go:144.11,145.49 1 1
github.com/quickswap/quickswap/internal/handlers/bids.go:145.49,147.7 1 0
github.com/quickswap/quickswap/internal/handlers/bids.go:147.12,149.7 1 1
github.com/quickswap/quickswap/internal/handlers/bids.go:152.4,152.28 1 1
github.com/quickswap/quickswap/internal/handlers/bids.go:155.3,157.5 1 1
github.com/quickswap/quickswap/internal/handlers/bids.go:162.67,163.54 1 1
github.com/quickswap/quickswap/internal/handlers/bids.go:163.54,164.33 1 1
github.com/quickswap/quickswap/internal/handlers/bids.go:164.33,167.4 2 1
github.com/quickswap/quickswap/internal/handlers/bids.go:169.3,171.19 3 1
github.com/quickswap/quickswap/internal/handlers/bids.go:171.19,173.4 1 0
github.com/quickswap/quickswap/internal/handlers/bids.go:175.3,182.61 7 1
github.com/quickswap/quickswap/internal/handlers/bids.go:182.61,185.4 2 0
github.com/quickswap/quickswap/internal/handlers/bids.go:186.3,197.78 3 1
github.com/quickswap/quickswap/internal/handlers/bids.go:197.78,200.4 2 0
github.com/quickswap/quickswap/internal/handlers/bids.go:202.3,205.30 3 1
github.com/quickswap/quickswap/internal/handlers/bids.go:205.30,214.58 7 1
github.com/quickswap/quickswap/internal/handlers/bids.go:214.58,215.13 1 0
github.com/quickswap/quickswap/internal/handlers/bids.go:217.4,220.71 2 1
github.com/quickswap/quickswap/internal/handlers/bids.go:220.71,222.13 2 0
github.com/quickswap/quickswap/internal/handlers/bids.go:224.4,227.21 3 1
github.com/quickswap/quickswap/internal/handlers/bids.go:227.21,229.5 1 1
github.com/quickswap/quickswap/internal/handlers/bids.go:231.4,243.25 4 1
github.com/quickswap/quickswap/internal/handlers/bids.go:243.25,245.5 1 0
github.com/quickswap/quickswap/internal/handlers/bids.go:250.4,250.68 1 1
github.com/quickswap/quickswap/internal/handlers/bids.go:250.68,252.5 1 0
github.com/quickswap/quickswap/internal/handlers/bids.go:252.10,252.83 1 1
github.com/quickswap/quickswap/internal/handlers/bids.go:252.83,254.5 1 0
github.com/quickswap/quickswap/internal/handlers/bids.go:254.10,254.36 1 1
github.com/quickswap/quickswap/internal/handlers/bids.go:254.36,256.5 1 1
github.com/quickswap/quickswap/internal/handlers/bids.go:261.3,261.38 1 1
github.com/quickswap/quickswap/internal/handlers/bids.go:261.38,262.43 1 1
github.com/quickswap/quickswap/internal/handlers/bids.go:262.43,263.84 1 0
github.com/quickswap/quickswap/internal/handlers/bids.go:263.84,265.6 1 0
github.com/quickswap/quickswap/internal/handlers/bids.go:268.3,268.24 1 1
github.com/quickswap/quickswap/internal/handlers/bids.go:268.24,270.4 1 0
github.com/quickswap/quickswap/internal/handlers/bids.go:271.3,271.27 1 1
github.com/quickswap/quickswap/internal/handlers/bids.go:271.27,273.4 1 0
github.com/quickswap/quickswap/internal/handlers/bids.go:274.3,274.28 1 1
github.com/quickswap/quickswap/internal/handlers/bids.go:274.28,276.4 1 0
github.com/quickswap/quickswap/internal/handlers/bids.go:278.3,282.5 1 1
github.com/quickswap/quickswap/internal/handlers/handlers.go:19.82,64.2 28 1
github.com/quickswap/quickswap/internal/handlers/handlers.go:66.87,67.54 1 1
github.com/quickswap/quickswap/internal/handlers/handlers.go:67.54,69.22 2 1
github.com/quickswap/quickswap/internal/handlers/handlers.go:69.22,72.4 2 0
github.com/quickswap/quickswap/internal/handlers/handlers.go:74.3,75.47 2 1
github.com/quickswap/quickswap/internal/handlers/handlers.go:75.47,77.4 1 1
github.com/quickswap/quickswap/internal/handlers/handlers.go:78.3,78.18 1 1
github.com/quickswap/quickswap/internal/handlers/handlers.go:78.18,81.4 2 1
github.com/quickswap/quickswap/internal/handlers/handlers.go:84.3,89.17 5 1
github.com/quickswap/quickswap/internal/handlers/handlers.go:89.17,92.4 2 0
github.com/quickswap/quickswap/internal/handlers/handlers.go:93.3,95.39 2 1
github.com/quickswap/quickswap/internal/handlers/handlers.go:95.39,98.4 2 0
github.com/quickswap/quickswap/internal/handlers/handlers.go:100.3,103.70 2 1
github.com/quickswap/quickswap/internal/handlers/handlers.go:103.70,106.4 2 0
github.com/quickswap/quickswap/internal/handlers/handlers.go:108.3,113.62 3 1
github.com/quickswap/quickswap/internal/handlers/handlers.go:113.62,116.4 2 0
github.com/quickswap/quickswap/internal/handlers/handlers.go:118.3,121.73 2 1
github.com/quickswap/quickswap/internal/handlers/handlers.go:121.73,125.4 3 0
github.com/quickswap/quickswap/internal/handlers/handlers.go:128.3,128.86 1 0
github.com/quickswap/quickswap/internal/handlers/handlers.go:128.86,132.4 2 0
github.com/quickswap/quickswap/internal/handlers/handlers.go:135.3,136.54 2 0
github.com/quickswap/quickswap/internal/handlers/handlers.go:136.54,140.18 4 0
github.com/quickswap/quickswap/internal/handlers/handlers.go:140.18,142.5 1 0
github.com/quickswap/quickswap/internal/handlers/handlers.go:145.3,147.5 1 0
github.com/quickswap/quickswap/internal/handlers/handlers.go:152.60,153.54 1 1
github.com/quickswap/quickswap/internal/handlers/handlers.go:153.54,155.22 2 1
github.com/quickswap/quickswap/internal/handlers/handlers.go:155.22,158.4 2 1
github.com/quickswap/quickswap/internal/handlers/handlers.go:161.3,167.10 6 0
github.com/quickswap/quickswap/internal/handlers/handlers.go:167.10,170.4 2 0
github.com/quickswap/quickswap/internal/handlers/handlers.go:172.3,183.7 6 0
github.com/quickswap/quickswap/internal/handlers/handlers.go:183.7,184.11 1 0
github.com/quickswap/quickswap/internal/handlers/handlers.go:185.22,188.11 2 0
github.com/quickswap/quickswap/internal/handlers/handlers.go:189.21,192.20 2 0
github.com/quickswap/quickswap/internal/handlers/health.go:9.44,10.54 1 1
github.com/quickswap/quickswap/internal/handlers/health.go:10.54,14.3 1 1
github.com/quickswap/quickswap/internal/handlers/listing.go:18.88,19.54 1 1
github.com/quickswap/quickswap/internal/handlers/listing.go:19.54,20.34 1 1
github.com/quickswap/quickswap/internal/handlers/listing.go:20.34,23.4 2 1
github.com/quickswap/quickswap/internal/handlers/listing.go:26.3,27.47 2 1
github.com/quickswap/quickswap/internal/handlers/listing.go:27.47,29.4 1 1
github.com/quickswap/quickswap/internal/handlers/listing.go:30.3,30.18 1 1
github.com/quickswap/quickswap/internal/handlers/listing.go:30.18,33.4 2 1
github.com/quickswap/quickswap/internal/handlers/listing.go:36.3,41.17 5 1
github.com/quickswap/quickswap/internal/handlers/listing.go:41.17,44.4 2 0
github.com/quickswap/quickswap/internal/handlers/listing.go:45.3,47.39 2 1
github.com/quickswap/quickswap/internal/handlers/listing.go:47.39,50.4 2 0
github.com/quickswap/quickswap/internal/handlers/listing.go:52.3,55.70 2 1
github.com/quickswap/quickswap/internal/handlers/listing.go:55.70,58.4 2 0
github.com/quickswap/quickswap/internal/handlers/listing.go:62.3,80.62 2 1
github.com/quickswap/quickswap/internal/handlers/listing.go:80.62,83.4 2 1
github.com/quickswap/quickswap/internal/handlers/listing.go:86.3,86.167 1 1
github.com/quickswap/quickswap/internal/handlers/listing.go:86.167,89.4 2 1
github.com/quickswap/quickswap/internal/handlers/listing.go:91.3,92.17 2 1
github.com/quickswap/quickswap/internal/handlers/listing.go:92.17,95.4 2 1
github.com/quickswap/quickswap/internal/handlers/listing.go:97.3,98.33 2 1
github.com/quickswap/quickswap/internal/handlers/listing.go:98.33,100.18 2 1
github.com/quickswap/quickswap/internal/handlers/listing.go:100.18,103.5 2 1
github.com/quickswap/quickswap/internal/handlers/listing.go:106.3,127.17 3 0
github.com/quickswap/quickswap/internal/handlers/listing.go:127.17,130.4 2 0
github.com/quickswap/quickswap/internal/handlers/listing.go:133.3,142.5 2 0
github.com/quickswap/quickswap/internal/handlers/listing.go:147.65,148.54 1 1
github.com/quickswap/quickswap/internal/handlers/listing.go:148.54,149.33 1 1
github.com/quickswap/quickswap/internal/handlers/listing.go:149.33,152.4 2 1
github.com/quickswap/quickswap/internal/handlers/listing.go:155.3,156.47 2 1
github.com/quickswap/quickswap/internal/handlers/listing.go:156.47,158.4 1 1
github.com/quickswap/quickswap/internal/handlers/listing.go:159.3,159.18 1 1
github.com/quickswap/quickswap/internal/handlers/listing.go:159.18,162.4 2 1
github.com/quickswap/quickswap/internal/handlers/listing.go:165.3,171.17 5 1
github.com/quickswap/quickswap/internal/handlers/listing.go:171.17,174.4 2 0
github.com/quickswap/quickswap/internal/handlers/listing.go:175.3,177.39 2 1
github.com/quickswap/quickswap/internal/handlers/listing.go:177.39,180.4 2 0
github.com/quickswap/quickswap/internal/handlers/listing.go:182.3,185.70 2 1
github.com/quickswap/quickswap/internal/handlers/listing.go:185.70,188.4 2 0
github.com/quickswap/quickswap/internal/handlers/listing.go:189.3,194.19 4 1
github.com/quickswap/quickswap/internal/handlers/listing.go:194.19,196.4 1 0
github.com/quickswap/quickswap/internal/handlers/listing.go:197.3,204.17 7 1
github.com/quickswap/quickswap/internal/handlers/listing.go:204.17,207.4 2 0
github.com/quickswap/quickswap/internal/handlers/listing.go:208.3,210.47 2 1
github.com/quickswap/quickswap/internal/handlers/listing.go:210.47,213.4 2 0
github.com/quickswap/quickswap/internal/handlers/listing.go:215.3,216.81 2 1
github.com/quickswap/quickswap/internal/handlers/listing.go:216.81,219.4 2 0
github.com/quickswap/quickswap/internal/handlers/listing.go:221.3,221.28 1 1
github.com/quickswap/quickswap/internal/handlers/listing.go:221.28,224.4 2 1
github.com/quickswap/quickswap/internal/handlers/listing.go:227.3,238.33 3 1
github.com/quickswap/quickswap/internal/handlers/listing.go:238.33,247.58 7 1
github.com/quickswap/quickswap/internal/handlers/listing.go:247.58,258.13 3 0
github.com/quickswap/quickswap/internal/handlers/listing.go:260.4,263.71 2 1
github.com/quickswap/quickswap/internal/handlers/listing.go:263.71,274.13 3 0
github.com/quickswap/quickswap/internal/handlers/listing.go:276.4,280.27 3 1
github.com/quickswap/quickswap/internal/handlers/listing.go:280.27,281.29 1 0
github.com/quickswap/quickswap/internal/handlers/listing.go:281.29,283.6 1 0
github.com/quickswap/quickswap/internal/handlers/listing.go:285.4,292.20 6 1
github.com/quickswap/quickswap/internal/handlers/listing.go:292.20,297.5 4 1
github.com/quickswap/quickswap/internal/handlers/listing.go:297.10,300.5 2 0
github.com/quickswap/quickswap/internal/handlers/listing.go:302.4,303.25 2 1
github.com/quickswap/quickswap/internal/handlers/listing.go:303.25,305.5 1 0
github.com/quickswap/quickswap/internal/handlers/listing.go:307.4,315.6 1 1
github.com/quickswap/quickswap/internal/handlers/listing.go:318.3,320.5 1 1
github.com/quickswap/quickswap/internal/handlers/listing.go:324.69,325.54 1 1
github.com/quickswap/quickswap/internal/handlers/listing.go:325.54,326.19 1 1
github.com/quickswap/quickswap/internal/handlers/listing.go:327.23,328.26 1 1
github.com/quickswap/quickswap/internal/handlers/listing.go:329.23,330.23 1 1
github.com/quickswap/quickswap/internal/handlers/listing.go:331.26,332.23 1 1
github.com/quickswap/quickswap/internal/handlers/listing.go:333.11,334.70 1 1
github.com/quickswap/quickswap/internal/handlers/listing.go:339.63,341.21 2 1
github.com/quickswap/quickswap/internal/handlers/listing.go:341.21,344.3 2 1
github.com/quickswap/quickswap/internal/handlers/listing.go:346.2,352.46 5 1
github.com/quickswap/quickswap/internal/handlers/listing.go:352.46,354.3 1 1
github.com/quickswap/quickswap/internal/handlers/listing.go:355.2,355.17 1 1
github.com/quickswap/quickswap/internal/handlers/listing.go:355.17,361.57 5 1
github.com/quickswap/quickswap/internal/handlers/listing.go:361.57,365.75 2 1
github.com/quickswap/quickswap/internal/handlers/listing.go:365.75,367.5 1 1
github.com/quickswap/quickswap/internal/handlers/listing.go:368.4,368.25 1 1
github.com/quickswap/quickswap/internal/handlers/listing.go:373.2,380.16 7 1
github.com/quickswap/quickswap/internal/handlers/listing.go:380.16,383.3 2 0
github.com/quickswap/quickswap/internal/handlers/listing.go:384.2,386.45 2 1
github.com/quickswap/quickswap/internal/handlers/listing.go:386.45,389.3 2 0
github.com/quickswap/quickswap/internal/handlers/listing.go:391.2,392.98 2 1
github.com/quickswap/quickswap/internal/handlers/listing.go:392.98,395.3 2 0
github.com/quickswap/quickswap/internal/handlers/listing.go:396.2,408.59 10 1
github.com/quickswap/quickswap/internal/handlers/listing.go:408.59,414.98 2 1
github.com/quickswap/quickswap/internal/handlers/listing.go:414.98,417.4 2 1
github.com/quickswap/quickswap/internal/handlers/listing.go:418.3,418.27 1 1
github.com/quickswap/quickswap/internal/handlers/listing.go:422.2,429.16 7 1
github.com/quickswap/quickswap/internal/handlers/listing.go:429.16,432.3 2 0
github.com/quickswap/quickswap/internal/handlers/listing.go:433.2,439.69 3 1
github.com/quickswap/quickswap/internal/handlers/listing.go:439.69,442.3 2 0
github.com/quickswap/quickswap/internal/handlers/listing.go:445.2,449.25 4 1
github.com/quickswap/quickswap/internal/handlers/listing.go:449.25,450.31 1 1
github.com/quickswap/quickswap/internal/handlers/listing.go:450.31,453.4 2 1
github.com/quickswap/quickswap/internal/handlers/listing.go:454.3,454.85 1 1
github.com/quickswap/quickswap/internal/handlers/listing.go:454.85,457.4 2 0
github.com/quickswap/quickswap/internal/handlers/listing.go:461.2,463.18 3 1
github.com/quickswap/quickswap/internal/handlers/listing.go:463.18,469.3 5 1
github.com/quickswap/quickswap/internal/handlers/listing.go:469.8,472.3 2 0
github.com/quickswap/quickswap/internal/handlers/listing.go:477.2,481.31 5 1
github.com/quickswap/quickswap/internal/handlers/listing.go:481.31,488.67 7 0
github.com/quickswap/quickswap/internal/handlers/listing.go:488.67,494.123 2 0
github.com/quickswap/quickswap/internal/handlers/listing.go:494.123,497.5 2 0
github.com/quickswap/quickswap/internal/handlers/listing.go:498.4,498.34 1 0
github.com/quickswap/quickswap/internal/handlers/listing.go:502.2,503.23 2 1
github.com/quickswap/quickswap/internal/handlers/listing.go:503.23,505.3 1 1
github.com/quickswap/quickswap/internal/handlers/listing.go:507.2,536.39 1 1
github.com/quickswap/quickswap/internal/handlers/listing.go:536.39,537.31 1 1
github.com/quickswap/quickswap/internal/handlers/listing.go:537.31,539.5 1 0
github.com/quickswap/quickswap/internal/handlers/listing.go:540.4,540.13 1 1
github.com/quickswap/quickswap/internal/handlers/listing.go:542.32,543.33 1 1
github.com/quickswap/quickswap/internal/handlers/listing.go:543.33,545.5 1 0
github.com/quickswap/quickswap/internal/handlers/listing.go:546.4,546.13 1 1
github.com/quickswap/quickswap/internal/handlers/listing.go:548.33,549.33 1 1
github.com/quickswap/quickswap/internal/handlers/listing.go:549.33,551.5 1 0
github.com/quickswap/quickswap/internal/handlers/listing.go:552.4,552.13 1 1
github.com/quickswap/quickswap/internal/handlers/listing.go:557.60,559.16 2 1
github.com/quickswap/quickswap/internal/handlers/listing.go:559.16,562.3 2 1
github.com/quickswap/quickswap/internal/handlers/listing.go:564.2,565.21 2 1
github.com/quickswap/quickswap/internal/handlers/listing.go:565.21,568.3 2 1
github.com/quickswap/quickswap/internal/handlers/listing.go:570.2,586.61 2 1
github.com/quickswap/quickswap/internal/handlers/listing.go:586.61,589.3 2 0
github.com/quickswap/quickswap/internal/handlers/listing.go:591.2,621.16 12 1
github.com/quickswap/quickswap/internal/handlers/listing.go:621.16,624.3 2 0
github.com/quickswap/quickswap/internal/handlers/listing.go:625.2,627.53 2 1
github.com/quickswap/quickswap/internal/handlers/listing.go:627.53,631.3 3 0
github.com/quickswap/quickswap/internal/handlers/listing.go:633.2,633.65 1 1
github.com/quickswap/quickswap/internal/handlers/listing.go:636.60,638.16 2 1
github.com/quickswap/quickswap/internal/handlers/listing.go:638.16,641.3 2 1
github.com/quickswap/quickswap/internal/handlers/listing.go:643.2,644.21 2 1
github.com/quickswap/quickswap/internal/handlers/listing.go:644.21,647.3 2 1
github.com/quickswap/quickswap/internal/handlers/listing.go:649.2,659.16 8 1
github.com/quickswap/quickswap/internal/handlers/listing.go:659.16,662.3 2 0
github.com/quickswap/quickswap/internal/handlers/listing.go:663.2,665.53 2 1
github.com/quickswap/quickswap/internal/handlers/listing.go:665.53,669.3 3 0
github.com/quickswap/quickswap/internal/handlers/listing.go:671.2,671.65 1 1
github.com/quickswap/quickswap/internal/handlers/notifications.go:24.65,25.54 1 1
github.com/quickswap/quickswap/internal/handlers/notifications.go:25.54,26.33 1 1
github.com/quickswap/quickswap/internal/handlers/notifications.go:26.33,29.4 2 1
github.com/quickswap/quickswap/internal/handlers/notifications.go:31.3,32.17 2 1
github.com/quickswap/quickswap/internal/handlers/notifications.go:32.17,35.4 2 1
github.com/quickswap/quickswap/internal/handlers/notifications.go:37.3,43.17 2 0
github.com/quickswap/quickswap/internal/handlers/notifications.go:43.17,46.4 2 0
github.com/quickswap/quickswap/internal/handlers/notifications.go:47.3,50.19 3 0
github.com/quickswap/quickswap/internal/handlers/notifications.go:50.19,52.124 2 0
github.com/quickswap/quickswap/internal/handlers/notifications.go:52.124,53.13 1 0
github.com/quickswap/quickswap/internal/handlers/notifications.go:55.4,55.44 1 0
github.com/quickswap/quickswap/internal/handlers/notifications.go:58.3,60.5 1 0
github.com/quickswap/quickswap/internal/handlers/notifications.go:66.69,67.54 1 1
github.com/quickswap/quickswap/internal/handlers/notifications.go:67.54,68.33 1 1
github.com/quickswap/quickswap/internal/handlers/notifications.go:68.33,71.4 2 1
github.com/quickswap/quickswap/internal/handlers/notifications.go:73.3,74.17 2 1
github.com/quickswap/quickswap/internal/handlers/notifications.go:74.17,77.4 2 1
github.com/quickswap/quickswap/internal/handlers/notifications.go:79.3,83.17 3 0
github.com/quickswap/quickswap/internal/handlers/notifications.go:83.17,86.4 2 0
github.com/quickswap/quickswap/internal/handlers/notifications.go:88.3,90.5 1 0
github.com/quickswap/quickswap/internal/handlers/notifications.go:96.69,97.54 1 1
github.com/quickswap/quickswap/internal/handlers/notifications.go:97.54,98.33 1 1
github.com/quickswap/quickswap/internal/handlers/notifications.go:98.33,101.4 2 1
github.com/quickswap/quickswap/internal/handlers/notifications.go:103.3,104.17 2 1
github.com/quickswap/quickswap/internal/handlers/notifications.go:104.17,107.4 2 1
github.com/quickswap/quickswap/internal/handlers/notifications.go:109.3,110.20 2 1
github.com/quickswap/quickswap/internal/handlers/notifications.go:110.20,113.4 2 1
github.com/quickswap/quickswap/internal/handlers/notifications.go:115.3,119.17 2 0
github.com/quickswap/quickswap/internal/handlers/notifications.go:119.17,122.4 2 0
github.com/quickswap/quickswap/internal/handlers/notifications.go:123.3,123.33 1 0
github.com/quickswap/quickswap/internal/handlers/notifications.go:123.33,126.4 2 0
github.com/quickswap/quickswap/internal/handlers/notifications.go:128.3,130.5 1 0
github.com/quickswap/quickswap/internal/handlers/notifications.go:136.73,137.54 1 1
github.com/quickswap/quickswap/internal/handlers/notifications.go:137.54,138.33 1 1
github.com/quickswap/quickswap/internal/handlers/notifications.go:138.33,141.4 2 1
github.com/quickswap/quickswap/internal/handlers/notifications.go:143.3,144.17 2 1
github.com/quickswap/quickswap/internal/handlers/notifications.go:144.17,147.4 2 1
github.com/quickswap/quickswap/internal/handlers/notifications.go:149.3,152.17 2 0
github.com/quickswap/quickswap/internal/handlers/notifications.go:152.17,155.4 2 0
github.com/quickswap/quickswap/internal/handlers/notifications.go:157.3,159.5 1 0
github.com/quickswap/quickswap/internal/handlers/notifications.go:165.67,166.54 1 1
github.com/quickswap/quickswap/internal/handlers/notifications.go:166.54,167.36 1 1
github.com/quickswap/quickswap/internal/handlers/notifications.go:167.36,170.4 2 1
github.com/quickswap/quickswap/internal/handlers/notifications.go:172.3,173.17 2 1
github.com/quickswap/quickswap/internal/handlers/notifications.go:173.17,176.4 2 1
github.com/quickswap/quickswap/internal/handlers/notifications.go:178.3,179.20 2 1
github.com/quickswap/quickswap/internal/handlers/notifications.go:179.20,182.4 2 1
github.com/quickswap/quickswap/internal/handlers/notifications.go:184.3,187.17 2 0
github.com/quickswap/quickswap/internal/handlers/notifications.go:187.17,190.4 2 0
github.com/quickswap/quickswap/internal/handlers/notifications.go:191.3,191.33 1 0
github.com/quickswap/quickswap/internal/handlers/notifications.go:191.33,194.4 2 0
github.com/quickswap/quickswap/internal/handlers/notifications.go:196.3,198.5 1 0
github.com/quickswap/quickswap/internal/handlers/profile.go:17.58,19.46 2 1
github.com/quickswap/quickswap/internal/handlers/profile.go:19.46,21.3 1 1
github.com/quickswap/quickswap/internal/handlers/profile.go:22.2,22.17 1 1
github.com/quickswap/quickswap/internal/handlers/profile.go:22.17,24.3 1 1
github.com/quickswap/quickswap/internal/handlers/profile.go:26.2,34.16 7 1
github.com/quickswap/quickswap/internal/handlers/profile.go:34.16,36.3 1 0
github.com/quickswap/quickswap/internal/handlers/profile.go:37.2,39.38 2 1
github.com/quickswap/quickswap/internal/handlers/profile.go:39.38,41.3 1 0
github.com/quickswap/quickswap/internal/handlers/profile.go:43.2,46.65 2 1
github.com/quickswap/quickswap/internal/handlers/profile.go:46.65,48.3 1 0
github.com/quickswap/quickswap/internal/handlers/profile.go:49.2,49.21 1 1
github.com/quickswap/quickswap/internal/handlers/profile.go:52.30,53.57 1 1
github.com/quickswap/quickswap/internal/handlers/profile.go:53.57,55.3 1 1
github.com/quickswap/quickswap/internal/handlers/profile.go:56.2,56.39 1 1
github.com/quickswap/quickswap/internal/handlers/profile.go:60.80,62.52 2 1
github.com/quickswap/quickswap/internal/handlers/profile.go:62.52,64.3 1 1
github.com/quickswap/quickswap/internal/handlers/profile.go:65.2,65.20 1 1
github.com/quickswap/quickswap/internal/handlers/profile.go:65.20,67.3 1 1
github.com/quickswap/quickswap/internal/handlers/profile.go:69.2,77.16 7 1
github.com/quickswap/quickswap/internal/handlers/profile.go:77.16,79.3 1 0
github.com/quickswap/quickswap/internal/handlers/profile.go:80.2,82.38 2 1
github.com/quickswap/quickswap/internal/handlers/profile.go:82.38,84.3 1 0
github.com/quickswap/quickswap/internal/handlers/profile.go:86.2,90.65 2 1
github.com/quickswap/quickswap/internal/handlers/profile.go:90.65,92.3 1 0
github.com/quickswap/quickswap/internal/handlers/profile.go:93.2,93.43 1 1
github.com/quickswap/quickswap/internal/handlers/profile.go:98.54,99.54 1 1
github.com/quickswap/quickswap/internal/handlers/profile.go:99.54,100.33 1 1
github.com/quickswap/quickswap/internal/handlers/profile.go:100.33,103.4 2 1
github.com/quickswap/quickswap/internal/handlers/profile.go:105.3,106.17 2 1
github.com/quickswap/quickswap/internal/handlers/profile.go:106.17,109.4 2 1
github.com/quickswap/quickswap/internal/handlers/profile.go:111.3,112.17 2 1
github.com/quickswap/quickswap/internal/handlers/profile.go:112.17,115.4 2 0
github.com/quickswap/quickswap/internal/handlers/profile.go:117.3,117.26 1 1
github.com/quickswap/quickswap/internal/handlers/profile.go:121.60,122.54 1 1
github.com/quickswap/quickswap/internal/handlers/profile.go:122.54,123.33 1 1
github.com/quickswap/quickswap/internal/handlers/profile.go:123.33,126.4 2 1
github.com/quickswap/quickswap/internal/handlers/profile.go:128.3,129.17 2 1
github.com/quickswap/quickswap/internal/handlers/profile.go:129.17,132.4 2 1
github.com/quickswap/quickswap/internal/handlers/profile.go:134.3,139.62 2 1
github.com/quickswap/quickswap/internal/handlers/profile.go:139.62,142.4 2 0
github.com/quickswap/quickswap/internal/handlers/profile.go:144.3,159.78 12 1
github.com/quickswap/quickswap/internal/handlers/profile.go:159.78,163.4 3 0
github.com/quickswap/quickswap/internal/handlers/profile.go:164.3,166.66 2 1
github.com/quickswap/quickswap/internal/handlers/profile.go:172.76,174.19 2 1
github.com/quickswap/quickswap/internal/handlers/profile.go:174.19,176.3 1 1
github.com/quickswap/quickswap/internal/handlers/profile.go:177.2,178.18 2 1
github.com/quickswap/quickswap/internal/handlers/profile.go:178.18,180.3 1 0
github.com/quickswap/quickswap/internal/handlers/profile.go:182.2,190.16 3 1
github.com/quickswap/quickswap/internal/handlers/profile.go:190.16,192.3 1 0
github.com/quickswap/quickswap/internal/handlers/profile.go:194.2,195.16 2 1
github.com/quickswap/quickswap/internal/handlers/profile.go:195.16,197.3 1 0
github.com/quickswap/quickswap/internal/handlers/profile.go:198.2,204.16 6 1
github.com/quickswap/quickswap/internal/handlers/profile.go:204.16,206.3 1 0
github.com/quickswap/quickswap/internal/handlers/profile.go:207.2,209.53 2 1
github.com/quickswap/quickswap/internal/handlers/profile.go:209.53,212.3 2 0
github.com/quickswap/quickswap/internal/handlers/profile.go:213.2,213.12 1 1
github.com/quickswap/quickswap/internal/handlers/profile.go:216.64,222.16 5 1
github.com/quickswap/quickswap/internal/handlers/profile.go:222.16,224.3 1 0
github.com/quickswap/quickswap/internal/handlers/profile.go:225.2,229.16 4 1
github.com/quickswap/quickswap/internal/handlers/profile.go:229.16,231.3 1 0
github.com/quickswap/quickswap/internal/handlers/profile.go:232.2,234.38 2 1
github.com/quickswap/quickswap/internal/handlers/profile.go:234.38,236.3 1 0
github.com/quickswap/quickswap/internal/handlers/profile.go:238.2,239.69 2 1
github.com/quickswap/quickswap/internal/handlers/profile.go:239.69,241.3 1 0
github.com/quickswap/quickswap/internal/handlers/profile.go:242.2,242.24 1 1
github.com/quickswap/quickswap/internal/handlers/profile.go:242.24,244.3 1 0
github.com/quickswap/quickswap/internal/handlers/profile.go:245.2,245.25 1 1
github.com/quickswap/quickswap/internal/handlers/profile.go:250.54,251.54 1 1
github.com/quickswap/quickswap/internal/handlers/profile.go:251.54,252.19 1 1
github.com/quickswap/quickswap/internal/handlers/profile.go:253.23,254.29 1 1
github.com/quickswap/quickswap/internal/handlers/profile.go:255.24,256.30 1 1
github.com/quickswap/quickswap/internal/handlers/profile.go:257.11,258.70 1 1
github.com/quickswap/quickswap/internal/handlers/profile.go:263.58,264.54 1 1
github.com/quickswap/quickswap/internal/handlers/profile.go:264.54,265.19 1 1
github.com/quickswap/quickswap/internal/handlers/profile.go:266.23,267.24 1 1
github.com/quickswap/quickswap/internal/handlers/profile.go:268.23,269.30 1 1
github.com/quickswap/quickswap/internal/handlers/profile.go:270.26,271.30 1 1
github.com/quickswap/quickswap/internal/handlers/profile.go:272.11,273.70 1 1
github.com/quickswap/quickswap/internal/handlers/profile.go:278.66,280.16 2 1
github.com/quickswap/quickswap/internal/handlers/profile.go:280.16,283.3 2 1
github.com/quickswap/quickswap/internal/handlers/profile.go:285.2,294.16 8 1
github.com/quickswap/quickswap/internal/handlers/profile.go:294.16,297.3 2 0
github.com/quickswap/quickswap/internal/handlers/profile.go:298.2,301.70 3 1
github.com/quickswap/quickswap/internal/handlers/profile.go:301.70,304.3 2 0
github.com/quickswap/quickswap/internal/handlers/profile.go:306.2,306.22 1 1
github.com/quickswap/quickswap/internal/handlers/profile.go:306.22,308.3 1 0
github.com/quickswap/quickswap/internal/handlers/profile.go:309.2,309.27 1 1
github.com/quickswap/quickswap/internal/handlers/profile.go:312.67,314.16 2 1
github.com/quickswap/quickswap/internal/handlers/profile.go:314.16,317.3 2 1
github.com/quickswap/quickswap/internal/handlers/profile.go:319.2,329.61 2 1
github.com/quickswap/quickswap/internal/handlers/profile.go:329.61,332.3 2 0
github.com/quickswap/quickswap/internal/handlers/profile.go:333.2,333.84 1 1
github.com/quickswap/quickswap/internal/handlers/profile.go:333.84,336.3 2 1
github.com/quickswap/quickswap/internal/handlers/profile.go:338.2,341.19 3 1
github.com/quickswap/quickswap/internal/handlers/profile.go:341.19,342.72 1 1
github.com/quickswap/quickswap/internal/handlers/profile.go:342.72,345.4 2 0
github.com/quickswap/quickswap/internal/handlers/profile.go:348.2,368.16 9 1
github.com/quickswap/quickswap/internal/handlers/profile.go:368.16,371.3 2 0
github.com/quickswap/quickswap/internal/handlers/profile.go:372.2,374.53 2 1
github.com/quickswap/quickswap/internal/handlers/profile.go:374.53,378.3 3 0
github.com/quickswap/quickswap/internal/handlers/profile.go:380.2,382.22 3 1
github.com/quickswap/quickswap/internal/handlers/profile.go:382.22,385.3 2 1
github.com/quickswap/quickswap/internal/handlers/profile.go:386.2,386.63 1 0
github.com/quickswap/quickswap/internal/handlers/profile.go:389.67,391.16 2 1
github.com/quickswap/quickswap/internal/handlers/profile.go:391.16,394.3 2 1
github.com/quickswap/quickswap/internal/handlers/profile.go:396.2,397.14 2 1
github.com/quickswap/quickswap/internal/handlers/profile.go:397.14,400.3 2 0
github.com/quickswap/quickswap/internal/handlers/profile.go:402.2,412.61 2 1
github.com/quickswap/quickswap/internal/handlers/profile.go:412.61,415.3 2 0
github.com/quickswap/quickswap/internal/handlers/profile.go:417.2,420.19 3 1
github.com/quickswap/quickswap/internal/handlers/profile.go:420.19,421.72 1 1
github.com/quickswap/quickswap/internal/handlers/profile.go:421.72,424.4 2 0
github.com/quickswap/quickswap/internal/handlers/profile.go:427.2,448.16 10 1
github.com/quickswap/quickswap/internal/handlers/profile.go:448.16,451.3 2 0
github.com/quickswap/quickswap/internal/handlers/profile.go:452.2,454.53 2 1
github.com/quickswap/quickswap/internal/handlers/profile.go:454.53,458.3 3 0
github.com/quickswap/quickswap/internal/handlers/profile.go:460.2,460.65 1 1
github.com/quickswap/quickswap/internal/handlers/profile.go:463.67,465.16 2 1
github.com/quickswap/quickswap/internal/handlers/profile.go:465.16,468.3 2 1
github.com/quickswap/quickswap/internal/handlers/profile.go:470.2,471.14 2 1
github.com/quickswap/quickswap/internal/handlers/profile.go:471.14,474.3 2 0
github.com/quickswap/quickswap/internal/handlers/profile.go:476.2,486.16 8 1
github.com/quickswap/quickswap/internal/handlers/profile.go:486.16,489.3 2 0
github.com/quickswap/quickswap/internal/handlers/profile.go:490.2,492.53 2 1
github.com/quickswap/quickswap/internal/handlers/profile.go:492.53,496.3 3 0
github.com/quickswap/quickswap/internal/handlers/profile.go:498.2,498.65 1 1
github.com/quickswap/quickswap/internal/handlers/profile.go:501.61,503.16 2 1
github.com/quickswap/quickswap/internal/handlers/profile.go:503.16,506.3 2 1
github.com/quickswap/quickswap/internal/handlers/profile.go:508.2,509.14 2 1
github.com/quickswap/quickswap/internal/handlers/profile.go:509.14,512.3 2 0
github.com/quickswap/quickswap/internal/handlers/profile.go:514.2,523.16 8 1
github.com/quickswap/quickswap/internal/handlers/profile.go:523.16,526.3 2 0
github.com/quickswap/quickswap/internal/handlers/profile.go:527.2,530.93 3 1
github.com/quickswap/quickswap/internal/handlers/profile.go:530.93,533.3 2 0
github.com/quickswap/quickswap/internal/handlers/profile.go:534.2,534.30 1 1
github.com/quickswap/quickswap/internal/handlers/profile.go:537.66,545.16 8 1
github.com/quickswap/quickswap/internal/handlers/profile.go:545.16,547.3 1 0
github.com/quickswap/quickswap/internal/handlers/profile.go:548.2,549.28 2 1
github.com/quickswap/quickswap/internal/handlers/profile.go:549.28,551.3 1 0
github.com/quickswap/quickswap/internal/handlers/profile.go:552.2,552.12 1 1
github.com/quickswap/quickswap/internal/handlers/profile.go:557.54,558.54 1 1
github.com/quickswap/quickswap/internal/handlers/profile.go:558.54,559.19 1 1
github.com/quickswap/quickswap/internal/handlers/profile.go:560.23,561.34 1 1
github.com/quickswap/quickswap/internal/handlers/profile.go:562.24,563.33 1 1
github.com/quickswap/quickswap/internal/handlers/profile.go:564.11,565.70 1 1
github.com/quickswap/quickswap/internal/handlers/profile.go:570.58,571.54 1 1
github.com/quickswap/quickswap/internal/handlers/profile.go:571.54,572.19 1 1
github.com/quickswap/quickswap/internal/handlers/profile.go:573.23,574.24 1 1
github.com/quickswap/quickswap/internal/handlers/profile.go:575.26,576.36 1 1
github.com/quickswap/quickswap/internal/handlers/profile.go:577.11,578.70 1 1
github.com/quickswap/quickswap/internal/handlers/profile.go:583.71,585.16 2 1
github.com/quickswap/quickswap/internal/handlers/profile.go:585.16,588.3 2 1
github.com/quickswap/quickswap/internal/handlers/profile.go:590.2,599.16 8 1
github.com/quickswap/quickswap/internal/handlers/profile.go:599.16,602.3 2 0
github.com/quickswap/quickswap/internal/handlers/profile.go:603.2,606.68 3 1
github.com/quickswap/quickswap/internal/handlers/profile.go:606.68,609.3 2 0
github.com/quickswap/quickswap/internal/handlers/profile.go:611.2,611.20 1 1
github.com/quickswap/quickswap/internal/handlers/profile.go:611.20,613.3 1 0
github.com/quickswap/quickswap/internal/handlers/profile.go:614.2,614.25 1 1
github.com/quickswap/quickswap/internal/handlers/profile.go:617.70,619.16 2 1
github.com/quickswap/quickswap/internal/handlers/profile.go:619.16,622.3 2 1
github.com/quickswap/quickswap/internal/handlers/profile.go:624.2,631.61 2 1
github.com/quickswap/quickswap/internal/handlers/profile.go:631.61,634.3 2 0
github.com/quickswap/quickswap/internal/handlers/profile.go:635.2,635.90 1 1
github.com/quickswap/quickswap/internal/handlers/profile.go:635.90,638.3 2 1
github.com/quickswap/quickswap/internal/handlers/profile.go:639.2,639.25 1 1
github.com/quickswap/quickswap/internal/handlers/profile.go:639.25,642.3 2 1
github.com/quickswap/quickswap/internal/handlers/profile.go:644.2,647.19 3 1
github.com/quickswap/quickswap/internal/handlers/profile.go:647.19,648.71 1 1
github.com/quickswap/quickswap/internal/handlers/profile.go:648.71,651.4 2 0
github.com/quickswap/quickswap/internal/handlers/profile.go:657.2,674.16 9 1
github.com/quickswap/quickswap/internal/handlers/profile.go:674.16,677.3 2 0
github.com/quickswap/quickswap/internal/handlers/profile.go:678.2,680.53 2 1
github.com/quickswap/quickswap/internal/handlers/profile.go:680.53,684.3 3 0
github.com/quickswap/quickswap/internal/handlers/profile.go:686.2,688.22 3 1
github.com/quickswap/quickswap/internal/handlers/profile.go:688.22,691.3 2 1
github.com/quickswap/quickswap/internal/handlers/profile.go:692.2,692.70 1 0
github.com/quickswap/quickswap/internal/handlers/profile.go:695.73,697.16 2 1
github.com/quickswap/quickswap/internal/handlers/profile.go:697.16,700.3 2 1
github.com/quickswap/quickswap/internal/handlers/profile.go:702.2,703.14 2 1
github.com/quickswap/quickswap/internal/handlers/profile.go:703.14,706.3 2 0
github.com/quickswap/quickswap/internal/handlers/profile.go:708.2,718.16 8 1
github.com/quickswap/quickswap/internal/handlers/profile.go:718.16,721.3 2 0
github.com/quickswap/quickswap/internal/handlers/profile.go:722.2,724.53 2 1
github.com/quickswap/quickswap/internal/handlers/profile.go:724.53,728.3 3 0
github.com/quickswap/quickswap/internal/handlers/profile.go:730.2,730.72 1 1
github.com/quickswap/quickswap/internal/handlers/profile.go:733.61,735.16 2 1
github.com/quickswap/quickswap/internal/handlers/profile.go:735.16,738.3 2 1
github.com/quickswap/quickswap/internal/handlers/profile.go:740.2,741.14 2 1
github.com/quickswap/quickswap/internal/handlers/profile.go:741.14,744.3 2 0
github.com/quickswap/quickswap/internal/handlers/profile.go:746.2,755.16 8 1
github.com/quickswap/quickswap/internal/handlers/profile.go:755.16,758.3 2 0
github.com/quickswap/quickswap/internal/handlers/profile.go:759.2,762.89 3 1
github.com/quickswap/quickswap/internal/handlers/profile.go:762.89,765.3 2 0
github.com/quickswap/quickswap/internal/handlers/profile.go:766.2,766.28 1 1
github.com/quickswap/quickswap/internal/handlers/profile.go:769.65,777.16 8 1
github.com/quickswap/quickswap/internal/handlers/profile.go:777.16,779.3 1 0
github.com/quickswap/quickswap/internal/handlers/profile.go:780.2,781.28 2 1
github.com/quickswap/quickswap/internal/handlers/profile.go:781.28,783.3 1 0
github.com/quickswap/quickswap/internal/handlers/profile.go:784.2,784.12 1 1
github.com/quickswap/quickswap/internal/handlers/profile.go:792.61,793.54 1 1
github.com/quickswap/quickswap/internal/handlers/profile.go:793.54,794.33 1 1
github.com/quickswap/quickswap/internal/handlers/profile.go:794.33,797.4 2 1
github.com/quickswap/quickswap/internal/handlers/profile.go:799.3,800.17 2 1
github.com/quickswap/quickswap/internal/handlers/profile.go:800.17,803.4 2 1
github.com/quickswap/quickswap/internal/handlers/profile.go:804.3,811.62 3 1
github.com/quickswap/quickswap/internal/handlers/profile.go:811.62,814.4 2 0
github.com/quickswap/quickswap/internal/handlers/profile.go:816.3,816.82 1 1
github.com/quickswap/quickswap/internal/handlers/profile.go:816.82,819.4 2 1
github.com/quickswap/quickswap/internal/handlers/profile.go:820.3,820.45 1 1
github.com/quickswap/quickswap/internal/handlers/profile.go:820.45,823.4 2 1
github.com/quickswap/quickswap/internal/handlers/profile.go:824.3,824.31 1 1
github.com/quickswap/quickswap/internal/handlers/profile.go:824.31,827.4 2 1
github.com/quickswap/quickswap/internal/handlers/profile.go:829.3,842.17 8 1
github.com/quickswap/quickswap/internal/handlers/profile.go:842.17,845.4 2 0
github.com/quickswap/quickswap/internal/handlers/profile.go:846.3,847.44 2 1
github.com/quickswap/quickswap/internal/handlers/profile.go:847.44,850.4 2 1
github.com/quickswap/quickswap/internal/handlers/profile.go:853.3,860.17 7 1
github.com/quickswap/quickswap/internal/handlers/profile.go:860.17,863.4 2 0
github.com/quickswap/quickswap/internal/handlers/profile.go:864.3,866.66 2 1
github.com/quickswap/quickswap/internal/handlers/profile.go:866.66,870.4 3 0
github.com/quickswap/quickswap/internal/handlers/profile.go:872.3,872.80 1 1
github.com/quickswap/quickswap/internal/handlers/profile.go:881.78,882.54 1 1
github.com/quickswap/quickswap/internal/handlers/profile.go:882.54,883.36 1 1
github.com/quickswap/quickswap/internal/handlers/profile.go:883.36,886.4 2 1
github.com/quickswap/quickswap/internal/handlers/profile.go:888.3,889.17 2 1
github.com/quickswap/quickswap/internal/handlers/profile.go:889.17,892.4 2 1
github.com/quickswap/quickswap/internal/handlers/profile.go:894.3,894.16 1 1
github.com/quickswap/quickswap/internal/handlers/profile.go:894.16,897.18 3 0
github.com/quickswap/quickswap/internal/handlers/profile.go:897.18,900.5 2 0
github.com/quickswap/quickswap/internal/handlers/profile.go:901.4,901.17 1 0
github.com/quickswap/quickswap/internal/handlers/profile.go:901.17,901.41 1 0
github.com/quickswap/quickswap/internal/handlers/profile.go:903.4,903.89 1 0
github.com/quickswap/quickswap/internal/handlers/profile.go:903.89,906.5 2 0
github.com/quickswap/quickswap/internal/handlers/profile.go:907.4,907.98 1 0
github.com/quickswap/quickswap/internal/handlers/profile.go:907.98,910.5 2 0
github.com/quickswap/quickswap/internal/handlers/profile.go:911.4,911.41 1 0
github.com/quickswap/quickswap/internal/handlers/profile.go:911.41,914.5 2 0
github.com/quickswap/quickswap/internal/handlers/profile.go:917.3,918.19 2 1
github.com/quickswap/quickswap/internal/handlers/profile.go:918.19,921.4 2 1
github.com/quickswap/quickswap/internal/handlers/profile.go:923.3,931.17 6 1
github.com/quickswap/quickswap/internal/handlers/profile.go:931.17,934.4 2 0
github.com/quickswap/quickswap/internal/handlers/profile.go:935.3,937.54 2 1
github.com/quickswap/quickswap/internal/handlers/profile.go:937.54,941.4 3 0
github.com/quickswap/quickswap/internal/handlers/profile.go:943.3,943.79 1 1
github.com/quickswap/quickswap/internal/handlers/profile.go:951.59,952.54 1 1
github.com/quickswap/quickswap/internal/handlers/profile.go:952.54,953.33 1 1
github.com/quickswap/quickswap/internal/handlers/profile.go:953.33,956.4 2 1
github.com/quickswap/quickswap/internal/handlers/profile.go:958.3,959.17 2 1
github.com/quickswap/quickswap/internal/handlers/profile.go:959.17,962.4 2 1
github.com/quickswap/quickswap/internal/handlers/profile.go:964.3,979.17 9 1
github.com/quickswap/quickswap/internal/handlers/profile.go:979.17,982.4 2 0
github.com/quickswap/quickswap/internal/handlers/profile.go:983.3,985.39 2 1
github.com/quickswap/quickswap/internal/handlers/profile.go:985.39,989.4 3 0
github.com/quickswap/quickswap/internal/handlers/profile.go:991.3,994.70 2 1
github.com/quickswap/quickswap/internal/handlers/profile.go:994.70,997.4 2 0
github.com/quickswap/quickswap/internal/handlers/profile.go:999.3,999.62 1 1
